// Jest Snapshot v1, https://goo.gl/fbAQLP

exports[`App render AppContainer class 1`] = `
.c0 {
  display: -webkit-box;
  display: -webkit-flex;
  display: -ms-flexbox;
  display: flex;
  -webkit-flex-direction: column;
  -ms-flex-direction: column;
  flex-direction: column;
  width: 100%;
  height: 100%;
  font-family: 'Open Sans',sans-serif;
}

<div
  className="c0"
/>
`;

exports[`App render without crashing 1`] = `
<styled.div>
  <Main />
</styled.div>
`;
